// Jest Snapshot v1, https://goo.gl/fbAQLP

exports[`#render renders properly 1`] = `
ShallowWrapper {
  "length": 1,
  Symbol(enzyme.__root__): [Circular],
  Symbol(enzyme.__unrendered__): <App />,
  Symbol(enzyme.__renderer__): Object {
    "batchedUpdates": [Function],
    "getNode": [Function],
    "render": [Function],
    "simulateEvent": [Function],
    "unmount": [Function],
  },
  Symbol(enzyme.__node__): Object {
    "instance": null,
    "key": undefined,
    "nodeType": "host",
    "props": Object {
      "children": Array [
        <WordBank
          onAdd={[Function]}
          words={
                    Array [
                              "hello",
                              "world",
                            ]
          }
/>,
        undefined,
        undefined,
        <button
          className="Button Button--ghost"
          onClick={[Function]}
>
          Generate
</button>,
      ],
      "className": "App",
    },
    "ref": null,
    "rendered": Array [
      Object {
        "instance": null,
        "key": undefined,
        "nodeType": "class",
        "props": Object {
          "onAdd": [Function],
          "words": Array [
            "hello",
            "world",
          ],
        },
        "ref": null,
        "rendered": null,
        "type": [Function],
      },
      undefined,
      undefined,
      Object {
        "instance": null,
        "key": undefined,
        "nodeType": "host",
        "props": Object {
          "children": "Generate",
          "className": "Button Button--ghost",
          "onClick": [Function],
        },
        "ref": null,
        "rendered": "Generate",
        "type": "button",
      },
    ],
    "type": "div",
  },
  Symbol(enzyme.__nodes__): Array [
    Object {
      "instance": null,
      "key": undefined,
      "nodeType": "host",
      "props": Object {
        "children": Array [
          <WordBank
            onAdd={[Function]}
            words={
                        Array [
                                    "hello",
                                    "world",
                                  ]
            }
/>,
          undefined,
          undefined,
          <button
            className="Button Button--ghost"
            onClick={[Function]}
>
            Generate
</button>,
        ],
        "className": "App",
      },
      "ref": null,
      "rendered": Array [
        Object {
          "instance": null,
          "key": undefined,
          "nodeType": "class",
          "props": Object {
            "onAdd": [Function],
            "words": Array [
              "hello",
              "world",
            ],
          },
          "ref": null,
          "rendered": null,
          "type": [Function],
        },
        undefined,
        undefined,
        Object {
          "instance": null,
          "key": undefined,
          "nodeType": "host",
          "props": Object {
            "children": "Generate",
            "className": "Button Button--ghost",
            "onClick": [Function],
          },
          "ref": null,
          "rendered": "Generate",
          "type": "button",
        },
      ],
      "type": "div",
    },
  ],
  Symbol(enzyme.__options__): Object {
    "adapter": ReactSixteenAdapter {
      "options": Object {
        "enableComponentDidUpdateOnSetState": true,
      },
    },
  },
}
`;
