// Jest Snapshot v1, https://goo.gl/fbAQLP

exports[`#render renders properly 1`] = `
ShallowWrapper {
  "length": 1,
  Symbol(enzyme.__root__): [Circular],
  Symbol(enzyme.__unrendered__): <PuzzleGenerator
    wordBank={
        Array [
            "hello",
            "world",
          ]
    }
/>,
  Symbol(enzyme.__renderer__): Object {
    "batchedUpdates": [Function],
    "getNode": [Function],
    "render": [Function],
    "simulateEvent": [Function],
    "unmount": [Function],
  },
  Symbol(enzyme.__node__): Object {
    "instance": null,
    "key": undefined,
    "nodeType": "host",
    "props": Object {
      "children": Array [
        "m",
        "v",
        "k",
        "s",
        "h",
        "w",
        "t",
        "z",
        "w",
        "x",
        "h",
        "e",
        "d",
        "c",
        "t",
        "o",
        "x",
        "a",
        "l",
        "j",
        "l",
        "o",
        "r",
        "i",
        "b",
        "l",
        "w",
        "o",
        "g",
        "l",
        "w",
        "o",
        "o",
        "s",
        "t",
        "u",
        "d",
        "o",
        "v",
        "j",
        "o",
        "w",
        "x",
        "f",
        "r",
        "v",
        "o",
        "w",
        "r",
      ],
    },
    "ref": null,
    "rendered": Array [
      "m",
      "v",
      "k",
      "s",
      "h",
      "w",
      "t",
      "z",
      "w",
      "x",
      "h",
      "e",
      "d",
      "c",
      "t",
      "o",
      "x",
      "a",
      "l",
      "j",
      "l",
      "o",
      "r",
      "i",
      "b",
      "l",
      "w",
      "o",
      "g",
      "l",
      "w",
      "o",
      "o",
      "s",
      "t",
      "u",
      "d",
      "o",
      "v",
      "j",
      "o",
      "w",
      "x",
      "f",
      "r",
      "v",
      "o",
      "w",
      "r",
    ],
    "type": "div",
  },
  Symbol(enzyme.__nodes__): Array [
    Object {
      "instance": null,
      "key": undefined,
      "nodeType": "host",
      "props": Object {
        "children": Array [
          "m",
          "v",
          "k",
          "s",
          "h",
          "w",
          "t",
          "z",
          "w",
          "x",
          "h",
          "e",
          "d",
          "c",
          "t",
          "o",
          "x",
          "a",
          "l",
          "j",
          "l",
          "o",
          "r",
          "i",
          "b",
          "l",
          "w",
          "o",
          "g",
          "l",
          "w",
          "o",
          "o",
          "s",
          "t",
          "u",
          "d",
          "o",
          "v",
          "j",
          "o",
          "w",
          "x",
          "f",
          "r",
          "v",
          "o",
          "w",
          "r",
        ],
      },
      "ref": null,
      "rendered": Array [
        "m",
        "v",
        "k",
        "s",
        "h",
        "w",
        "t",
        "z",
        "w",
        "x",
        "h",
        "e",
        "d",
        "c",
        "t",
        "o",
        "x",
        "a",
        "l",
        "j",
        "l",
        "o",
        "r",
        "i",
        "b",
        "l",
        "w",
        "o",
        "g",
        "l",
        "w",
        "o",
        "o",
        "s",
        "t",
        "u",
        "d",
        "o",
        "v",
        "j",
        "o",
        "w",
        "x",
        "f",
        "r",
        "v",
        "o",
        "w",
        "r",
      ],
      "type": "div",
    },
  ],
  Symbol(enzyme.__options__): Object {
    "adapter": ReactSixteenAdapter {
      "options": Object {
        "enableComponentDidUpdateOnSetState": true,
      },
    },
  },
}
`;
