// Jest Snapshot v1, https://goo.gl/fbAQLP

exports[`#render renders properly 1`] = `
ShallowWrapper {
  "length": 1,
  Symbol(enzyme.__root__): [Circular],
  Symbol(enzyme.__unrendered__): <WordBank
    onAdd={[Function]}
    words={
        Array [
            "hello",
            "world",
          ]
    }
/>,
  Symbol(enzyme.__renderer__): Object {
    "batchedUpdates": [Function],
    "getNode": [Function],
    "render": [Function],
    "simulateEvent": [Function],
    "unmount": [Function],
  },
  Symbol(enzyme.__node__): Object {
    "instance": null,
    "key": undefined,
    "nodeType": "host",
    "props": Object {
      "children": Array [
        <label>
          Word Bank
</label>,
        <div
          className="WordBank-container"
>
          <div
                    className="WordBank-word"
          >
                    hello
          </div>
          <div
                    className="WordBank-word"
          >
                    world
          </div>
</div>,
        <form
          className="WordBank-addContainer"
>
          <input
                    onChange={[Function]}
                    type="text"
                    value=""
          />
          <button
                    className="Button Button--ghost"
                    onClick={[Function]}
                    type="submit"
          >
                    Add Word
          </button>
</form>,
      ],
      "className": "WordBank",
    },
    "ref": null,
    "rendered": Array [
      Object {
        "instance": null,
        "key": undefined,
        "nodeType": "host",
        "props": Object {
          "children": "Word Bank",
        },
        "ref": null,
        "rendered": "Word Bank",
        "type": "label",
      },
      Object {
        "instance": null,
        "key": undefined,
        "nodeType": "host",
        "props": Object {
          "children": Array [
            <div
              className="WordBank-word"
>
              hello
</div>,
            <div
              className="WordBank-word"
>
              world
</div>,
          ],
          "className": "WordBank-container",
        },
        "ref": null,
        "rendered": Array [
          Object {
            "instance": null,
            "key": "0",
            "nodeType": "host",
            "props": Object {
              "children": "hello",
              "className": "WordBank-word",
            },
            "ref": null,
            "rendered": "hello",
            "type": "div",
          },
          Object {
            "instance": null,
            "key": "1",
            "nodeType": "host",
            "props": Object {
              "children": "world",
              "className": "WordBank-word",
            },
            "ref": null,
            "rendered": "world",
            "type": "div",
          },
        ],
        "type": "div",
      },
      Object {
        "instance": null,
        "key": undefined,
        "nodeType": "host",
        "props": Object {
          "children": Array [
            <input
              onChange={[Function]}
              type="text"
              value=""
/>,
            <button
              className="Button Button--ghost"
              onClick={[Function]}
              type="submit"
>
              Add Word
</button>,
          ],
          "className": "WordBank-addContainer",
        },
        "ref": null,
        "rendered": Array [
          Object {
            "instance": null,
            "key": undefined,
            "nodeType": "host",
            "props": Object {
              "onChange": [Function],
              "type": "text",
              "value": "",
            },
            "ref": null,
            "rendered": null,
            "type": "input",
          },
          Object {
            "instance": null,
            "key": undefined,
            "nodeType": "host",
            "props": Object {
              "children": "Add Word",
              "className": "Button Button--ghost",
              "onClick": [Function],
              "type": "submit",
            },
            "ref": null,
            "rendered": "Add Word",
            "type": "button",
          },
        ],
        "type": "form",
      },
    ],
    "type": "div",
  },
  Symbol(enzyme.__nodes__): Array [
    Object {
      "instance": null,
      "key": undefined,
      "nodeType": "host",
      "props": Object {
        "children": Array [
          <label>
            Word Bank
</label>,
          <div
            className="WordBank-container"
>
            <div
                        className="WordBank-word"
            >
                        hello
            </div>
            <div
                        className="WordBank-word"
            >
                        world
            </div>
</div>,
          <form
            className="WordBank-addContainer"
>
            <input
                        onChange={[Function]}
                        type="text"
                        value=""
            />
            <button
                        className="Button Button--ghost"
                        onClick={[Function]}
                        type="submit"
            >
                        Add Word
            </button>
</form>,
        ],
        "className": "WordBank",
      },
      "ref": null,
      "rendered": Array [
        Object {
          "instance": null,
          "key": undefined,
          "nodeType": "host",
          "props": Object {
            "children": "Word Bank",
          },
          "ref": null,
          "rendered": "Word Bank",
          "type": "label",
        },
        Object {
          "instance": null,
          "key": undefined,
          "nodeType": "host",
          "props": Object {
            "children": Array [
              <div
                className="WordBank-word"
>
                hello
</div>,
              <div
                className="WordBank-word"
>
                world
</div>,
            ],
            "className": "WordBank-container",
          },
          "ref": null,
          "rendered": Array [
            Object {
              "instance": null,
              "key": "0",
              "nodeType": "host",
              "props": Object {
                "children": "hello",
                "className": "WordBank-word",
              },
              "ref": null,
              "rendered": "hello",
              "type": "div",
            },
            Object {
              "instance": null,
              "key": "1",
              "nodeType": "host",
              "props": Object {
                "children": "world",
                "className": "WordBank-word",
              },
              "ref": null,
              "rendered": "world",
              "type": "div",
            },
          ],
          "type": "div",
        },
        Object {
          "instance": null,
          "key": undefined,
          "nodeType": "host",
          "props": Object {
            "children": Array [
              <input
                onChange={[Function]}
                type="text"
                value=""
/>,
              <button
                className="Button Button--ghost"
                onClick={[Function]}
                type="submit"
>
                Add Word
</button>,
            ],
            "className": "WordBank-addContainer",
          },
          "ref": null,
          "rendered": Array [
            Object {
              "instance": null,
              "key": undefined,
              "nodeType": "host",
              "props": Object {
                "onChange": [Function],
                "type": "text",
                "value": "",
              },
              "ref": null,
              "rendered": null,
              "type": "input",
            },
            Object {
              "instance": null,
              "key": undefined,
              "nodeType": "host",
              "props": Object {
                "children": "Add Word",
                "className": "Button Button--ghost",
                "onClick": [Function],
                "type": "submit",
              },
              "ref": null,
              "rendered": "Add Word",
              "type": "button",
            },
          ],
          "type": "form",
        },
      ],
      "type": "div",
    },
  ],
  Symbol(enzyme.__options__): Object {
    "adapter": ReactSixteenAdapter {
      "options": Object {
        "enableComponentDidUpdateOnSetState": true,
      },
    },
  },
}
`;
